// Jest Snapshot v1, https://goo.gl/fbAQLP

exports[`Quiz test quiz renders without crash 1`] = `[Function]`;
